=== flakiness sweep: 40 benches × N=8 samples, CONC=2 ===
=== started 2026-06-14T11:10:19Z ===
auth-bypass-path-traversal	VALID	0	8	spurious_pass_rate=0/8
api-version-field-drop	VALID	0	8	spurious_pass_rate=0/8
cache-stale-invalidation	VALID	0	8	spurious_pass_rate=0/8
bidi-override-injection	VALID	0	8	spurious_pass_rate=0/8
compiler-macro-expansion	VALID	0	8	spurious_pass_rate=0/8
data-corruption-concurrent-write	VALID	0	8	spurious_pass_rate=0/8
encoding-mojibake	VALID	0	8	spurious_pass_rate=0/8
deadlock-transfer	VALID	0	8	spurious_pass_rate=0/8
goroutine-leak-handler	VALID	0	8	spurious_pass_rate=0/8
haystack-boot	VALID	0	8	spurious_pass_rate=0/8
haystack-mint	VALID	0	8	spurious_pass_rate=0/8
graphql-dataloader-per-request	VALID	0	8	spurious_pass_rate=0/8
import-cycle-startup	VALID	0	8	spurious_pass_rate=0/8
k8s-assume-cache-silent-drop	VALID	0	8	spurious_pass_rate=0/8
k8s-scheduler-shutdown-deadlock	VALID	0	8	spurious_pass_rate=0/8
kernel-panic-ioctl	VALID	0	8	spurious_pass_rate=0/8
linearizability-stale-read	VALID	0	8	spurious_pass_rate=0/8
memory-leak-event-listener	VALID	0	8	spurious_pass_rate=0/8
nginx-upstream-port-mismatch	VALID	0	8	spurious_pass_rate=0/8
missing-input-validation	VALID	0	8	spurious_pass_rate=0/8
off-by-one-array-slice	VALID	0	8	spurious_pass_rate=0/8
null-pointer-config	VALID	0	8	spurious_pass_rate=0/8
off-by-one-pagination	VALID	0	8	spurious_pass_rate=0/8
postgres-migration-schema-drift	VALID	0	8	spurious_pass_rate=0/8
race-condition-counter	VALID	0	8	spurious_pass_rate=0/8
performance-cliff-hash	VALID	0	8	spurious_pass_rate=0/8
raft-snapshot-commit-gap	VALID	0	8	spurious_pass_rate=0/8
relaxed-ordering-ringbuf	VALID	0	8	spurious_pass_rate=0/8
rate-limit-bypass-header	VALID	0	8	spurious_pass_rate=0/8
silent-data-corruption	VALID	0	8	spurious_pass_rate=0/8
retry-storm-duplicate-transfer	INVALID(flaky)	1	8	spurious_pass_rate=1/8
split-brain-leader-election	VALID	0	8	spurious_pass_rate=0/8
sql-injection-search	VALID	0	8	spurious_pass_rate=0/8
ssrf-allowlist-port-confusion	VALID	0	8	spurious_pass_rate=0/8
timezone-scheduling	VALID	0	8	spurious_pass_rate=0/8
timing-attack-comparison	VALID	0	8	spurious_pass_rate=0/8
type-coercion-comparison	VALID	0	8	spurious_pass_rate=0/8
tls-chain-ordering-strict	VALID	0	8	spurious_pass_rate=0/8
wrong-operator-discount	VALID	0	8	spurious_pass_rate=0/8
wal-fsync-ghost-ack	VALID	0	8	spurious_pass_rate=0/8

=== flakiness sweep done 2026-06-14T11:29:44Z ===
INVALID (flaky, >=1 spurious pass):
  retry-storm-duplicate-transfer  (spurious_pass_rate=1/8)
Profile written to flakiness-profile.tsv; per-bench logs in flakiness-logs/
