sha256:a271e30c45d64b923f0e0252ca4b40737b3d716203e8fb8e997844a84a6e029f
after assume: version=5 data="assumed-by-scheduler"
after informer: version=6 data="informer-update"
still assumed: false
BUG: assumed state silently dropped
FAIL: assumed state still silently dropped
  [trial 1] fail (bug detected, expected)
after assume: version=5 data="assumed-by-scheduler"
after informer: version=6 data="informer-update"
still assumed: false
BUG: assumed state silently dropped
FAIL: assumed state still silently dropped
  [trial 2] fail (bug detected, expected)
after assume: version=5 data="assumed-by-scheduler"
after informer: version=6 data="informer-update"
still assumed: false
BUG: assumed state silently dropped
FAIL: assumed state still silently dropped
  [trial 3] fail (bug detected, expected)
after assume: version=5 data="assumed-by-scheduler"
after informer: version=6 data="informer-update"
still assumed: false
BUG: assumed state silently dropped
FAIL: assumed state still silently dropped
  [trial 4] fail (bug detected, expected)
after assume: version=5 data="assumed-by-scheduler"
after informer: version=6 data="informer-update"
still assumed: false
BUG: assumed state silently dropped
FAIL: assumed state still silently dropped
  [trial 5] fail (bug detected, expected)
after assume: version=5 data="assumed-by-scheduler"
after informer: version=6 data="informer-update"
still assumed: false
BUG: assumed state silently dropped
FAIL: assumed state still silently dropped
  [trial 6] fail (bug detected, expected)
after assume: version=5 data="assumed-by-scheduler"
after informer: version=6 data="informer-update"
still assumed: false
BUG: assumed state silently dropped
FAIL: assumed state still silently dropped
  [trial 7] fail (bug detected, expected)
after assume: version=5 data="assumed-by-scheduler"
after informer: version=6 data="informer-update"
still assumed: false
BUG: assumed state silently dropped
FAIL: assumed state still silently dropped
  [trial 8] fail (bug detected, expected)
