sha256:660220f198c1a484a0f679b72ba88a3f51719161dbf77cba2db3b4c4751d6041
FAIL: Expected 25 processed records, got 23
FAIL: Expected 10 processed records for exact batch size, got 9
FAIL: Expected 7 processed records for uneven batches, got 5
FAIL: Record IDs don't match expected sequence: mismatch: got [1, 2, 3, 4, 6, 7, 8, 9, 11, 12, 13, 14, 16, 17, 18, 19]
  [trial 1] fail (bug detected, expected)
FAIL: Expected 25 processed records, got 23
FAIL: Expected 10 processed records for exact batch size, got 9
FAIL: Expected 7 processed records for uneven batches, got 5
FAIL: Record IDs don't match expected sequence: mismatch: got [1, 2, 3, 4, 6, 7, 8, 9, 11, 12, 13, 14, 16, 17, 18, 19]
  [trial 2] fail (bug detected, expected)
FAIL: Expected 25 processed records, got 23
FAIL: Expected 10 processed records for exact batch size, got 9
FAIL: Expected 7 processed records for uneven batches, got 5
FAIL: Record IDs don't match expected sequence: mismatch: got [1, 2, 3, 4, 6, 7, 8, 9, 11, 12, 13, 14, 16, 17, 18, 19]
  [trial 3] fail (bug detected, expected)
FAIL: Expected 25 processed records, got 23
FAIL: Expected 10 processed records for exact batch size, got 9
FAIL: Expected 7 processed records for uneven batches, got 5
FAIL: Record IDs don't match expected sequence: mismatch: got [1, 2, 3, 4, 6, 7, 8, 9, 11, 12, 13, 14, 16, 17, 18, 19]
  [trial 4] fail (bug detected, expected)
FAIL: Expected 25 processed records, got 23
FAIL: Expected 10 processed records for exact batch size, got 9
FAIL: Expected 7 processed records for uneven batches, got 5
FAIL: Record IDs don't match expected sequence: mismatch: got [1, 2, 3, 4, 6, 7, 8, 9, 11, 12, 13, 14, 16, 17, 18, 19]
  [trial 5] fail (bug detected, expected)
FAIL: Expected 25 processed records, got 23
FAIL: Expected 10 processed records for exact batch size, got 9
FAIL: Expected 7 processed records for uneven batches, got 5
FAIL: Record IDs don't match expected sequence: mismatch: got [1, 2, 3, 4, 6, 7, 8, 9, 11, 12, 13, 14, 16, 17, 18, 19]
  [trial 6] fail (bug detected, expected)
FAIL: Expected 25 processed records, got 23
FAIL: Expected 10 processed records for exact batch size, got 9
FAIL: Expected 7 processed records for uneven batches, got 5
FAIL: Record IDs don't match expected sequence: mismatch: got [1, 2, 3, 4, 6, 7, 8, 9, 11, 12, 13, 14, 16, 17, 18, 19]
  [trial 7] fail (bug detected, expected)
FAIL: Expected 25 processed records, got 23
FAIL: Expected 10 processed records for exact batch size, got 9
FAIL: Expected 7 processed records for uneven batches, got 5
FAIL: Record IDs don't match expected sequence: mismatch: got [1, 2, 3, 4, 6, 7, 8, 9, 11, 12, 13, 14, 16, 17, 18, 19]
  [trial 8] fail (bug detected, expected)
